---
source: crates/mun_hir/src/ty/tests.rs
expression: "fn test(a:int, b:float, c:never, d:bool): bool {\n    a;\n    b;\n    c;\n    d\n}"
---
[8; 9) 'a': int
[15; 16) 'b': float
[24; 25) 'c': never
[33; 34) 'd': bool
[47; 77) '{     ...   d }': bool
[53; 54) 'a': int
[60; 61) 'b': float
[67; 68) 'c': never
[74; 75) 'd': bool
