---
source: crates/mun_syntax/src/tests/parser.rs
expression: "fn foo() {\n    loop {}\n}"
---
SOURCE_FILE@[0; 24)
  FUNCTION_DEF@[0; 24)
    FN_KW@[0; 2) "fn"
    WHITESPACE@[2; 3) " "
    NAME@[3; 6)
      IDENT@[3; 6) "foo"
    PARAM_LIST@[6; 8)
      L_PAREN@[6; 7) "("
      R_PAREN@[7; 8) ")"
    WHITESPACE@[8; 9) " "
    BLOCK_EXPR@[9; 24)
      L_CURLY@[9; 10) "{"
      WHITESPACE@[10; 15) "\n    "
      LOOP_EXPR@[15; 22)
        LOOP_KW@[15; 19) "loop"
        WHITESPACE@[19; 20) " "
        BLOCK_EXPR@[20; 22)
          L_CURLY@[20; 21) "{"
          R_CURLY@[21; 22) "}"
      WHITESPACE@[22; 23) "\n"
      R_CURLY@[23; 24) "}"

