---
source: crates/mun_syntax/src/tests/parser.rs
expression: "fn main(_:number) {\n   let a = 0;\n   let _ = a;\n}"
---
SOURCE_FILE@[0; 49)
  FUNCTION_DEF@[0; 49)
    FN_KW@[0; 2) "fn"
    WHITESPACE@[2; 3) " "
    NAME@[3; 7)
      IDENT@[3; 7) "main"
    PARAM_LIST@[7; 17)
      L_PAREN@[7; 8) "("
      PARAM@[8; 16)
        PLACEHOLDER_PAT@[8; 9)
          UNDERSCORE@[8; 9) "_"
        COLON@[9; 10) ":"
        PATH_TYPE@[10; 16)
          PATH@[10; 16)
            PATH_SEGMENT@[10; 16)
              NAME_REF@[10; 16)
                IDENT@[10; 16) "number"
      R_PAREN@[16; 17) ")"
    WHITESPACE@[17; 18) " "
    BLOCK_EXPR@[18; 49)
      L_CURLY@[18; 19) "{"
      WHITESPACE@[19; 23) "\n   "
      LET_STMT@[23; 33)
        LET_KW@[23; 26) "let"
        WHITESPACE@[26; 27) " "
        BIND_PAT@[27; 28)
          NAME@[27; 28)
            IDENT@[27; 28) "a"
        WHITESPACE@[28; 29) " "
        EQ@[29; 30) "="
        WHITESPACE@[30; 31) " "
        LITERAL@[31; 32)
          INT_NUMBER@[31; 32) "0"
        SEMI@[32; 33) ";"
      WHITESPACE@[33; 37) "\n   "
      LET_STMT@[37; 47)
        LET_KW@[37; 40) "let"
        WHITESPACE@[40; 41) " "
        PLACEHOLDER_PAT@[41; 42)
          UNDERSCORE@[41; 42) "_"
        WHITESPACE@[42; 43) " "
        EQ@[43; 44) "="
        WHITESPACE@[44; 45) " "
        PATH_EXPR@[45; 46)
          PATH@[45; 46)
            PATH_SEGMENT@[45; 46)
              NAME_REF@[45; 46)
                IDENT@[45; 46) "a"
        SEMI@[46; 47) ";"
      WHITESPACE@[47; 48) "\n"
      R_CURLY@[48; 49) "}"

