---
source: crates/mun_codegen/src/test.rs
assertion_line: 1045
expression: "\n    pub fn negate(a: i128) -> i128 { -a }\n                        "
---
; == FILE IR (mod) =====================================
; ModuleID = 'mod'
source_filename = "mod"

@global_type_lookup_table = external global [2 x i64*]

define i128 @negate(i128 %0) {
body:
  %neg = sub i128 0, %0
  ret i128 %neg
}

; == GROUP IR (mod) ====================================
; ModuleID = 'group_name'
source_filename = "group_name"

@global_type_lookup_table = global [2 x i64*] zeroinitializer

