---
source: crates/mun_codegen/src/test.rs
assertion_line: 1045
expression: "\n    pub fn assign_leftshift(a: u16, b: u16) -> u16 {\n        a <<= b;\n        a\n    }\n    pub fn assign_rightshift(a: u16, b: u16) -> u16 {\n        a >>= b;\n        a\n    }\n                        "
---
; == FILE IR (mod) =====================================
; ModuleID = 'mod'
source_filename = "mod"

@global_type_lookup_table = external global [6 x i64*]

define i16 @assign_leftshift(i16 %0, i16 %1) {
body:
  %left_shift = shl i16 %0, %1
  ret i16 %left_shift
}

define i16 @assign_rightshift(i16 %0, i16 %1) {
body:
  %right_shift = lshr i16 %0, %1
  ret i16 %right_shift
}

; == GROUP IR (mod) ====================================
; ModuleID = 'group_name'
source_filename = "group_name"

@global_type_lookup_table = global [6 x i64*] zeroinitializer

