---
source: crates/mun_codegen/src/test.rs
expression: "\n    pub fn main(a:i32) -> i32 {\n        if a > 4 {\n            return a;\n        } else {\n            return a - 1;\n        }\n    }\n    "
---
; == FILE IR (mod) =====================================
; ModuleID = 'mod'
source_filename = "mod"

@global_type_lookup_table = external global [1 x i64*]

define i32 @main(i32 %0) {
body:
  %greater = icmp sgt i32 %0, 4
  br i1 %greater, label %then, label %else

then:                                             ; preds = %body
  ret i32 %0

else:                                             ; preds = %body
  %sub = sub i32 %0, 1
  ret i32 %sub
}

; == GROUP IR (mod) ====================================
; ModuleID = 'group_name'
source_filename = "group_name"

@global_type_lookup_table = global [1 x i64*] zeroinitializer

