---
source: crates/mun_codegen/src/test.rs
assertion_line: 1045
expression: "\n    pub fn assign_bitand(a: u64, b: u64) -> u64 {\n        a &= b;\n        a\n    }\n    pub fn assign_bitor(a: u64, b: u64) -> u64 {\n        a |= b;\n        a\n    }\n    pub fn assign_bitxor(a: u64, b: u64) -> u64 {\n        a ^= b;\n        a\n    }\n                        "
---
; == FILE IR (mod) =====================================
; ModuleID = 'mod'
source_filename = "mod"

@global_type_lookup_table = external global [9 x i64*]

define i64 @assign_bitand(i64 %0, i64 %1) {
body:
  %bit_and = and i64 %0, %1
  ret i64 %bit_and
}

define i64 @assign_bitor(i64 %0, i64 %1) {
body:
  %bit_or = or i64 %0, %1
  ret i64 %bit_or
}

define i64 @assign_bitxor(i64 %0, i64 %1) {
body:
  %bit_xor = xor i64 %0, %1
  ret i64 %bit_xor
}

; == GROUP IR (mod) ====================================
; ModuleID = 'group_name'
source_filename = "group_name"

@global_type_lookup_table = global [9 x i64*] zeroinitializer

