---
source: crates/mun_codegen/src/test.rs
assertion_line: 1045
expression: "\n    pub fn main() -> i32 {\n      0\n    }\n    "
---
; == FILE IR (mod) =====================================
; ModuleID = 'mod'
source_filename = "mod"

@global_type_lookup_table = external global [1 x i64*]

define i32 @main() {
body:
  ret i32 0
}

; == GROUP IR (mod) ====================================
; ModuleID = 'group_name'
source_filename = "group_name"

@global_type_lookup_table = global [1 x i64*] zeroinitializer

