---
source: crates/mun_codegen/src/test.rs
expression: "\n    pub  fn fact(n: usize) -> usize {\n   \t    if n == 0 {return 1} else {n * (n-1)}\n    }\n    "
---
; == FILE IR (mod) =====================================
; ModuleID = 'mod'
source_filename = "mod"

@global_type_lookup_table = external global [1 x i64*]

define i64 @fact(i64 %0) {
body:
  %eq = icmp eq i64 %0, 0
  %sub = sub i64 %0, 1
  %mul = mul i64 %0, %sub
  %merge = select i1 %eq, i64 1, i64 %mul
  ret i64 %merge
}

; == GROUP IR (mod) ====================================
; ModuleID = 'group_name'
source_filename = "group_name"

@global_type_lookup_table = global [1 x i64*] zeroinitializer

