---
source: crates/mun_codegen/src/test.rs
expression: "fn main(a:int):int {\n    if a > 4 {\n        return a;\n    }\n    a - 1\n}"
---
; ModuleID = 'main.mun'
source_filename = "main.mun"

define i64 @main(i64) {
body:
  %greater = icmp sgt i64 %0, 4
  br i1 %greater, label %then, label %if_merge

then:                                             ; preds = %body
  ret i64 %0

if_merge:                                         ; preds = %body
  %sub = sub i64 %0, 1
  ret i64 %sub
}

