---
source: crates/mun_codegen/src/test.rs
expression: "fn test_true():bool {\n    true\n}\n\nfn test_false():bool {\n    false\n}"
---
; ModuleID = 'main.mun'
source_filename = "main.mun"

define i1 @test_true() {
body:
  ret i1 true
}

define i1 @test_false() {
body:
  ret i1 false
}

